\BOOKMARK [0][-]{section*.1}{Contents}{}
\BOOKMARK [0][-]{section*.2}{List of Figures}{}
\BOOKMARK [0][-]{section*.3}{List of Tables}{}
\BOOKMARK [0][-]{chapter.1}{The \306NIED, Book I}{}
\BOOKMARK [1][-]{section.1.1}{Start}{chapter.1}
\BOOKMARK [2][-]{subsection.1.1.1}{Middle}{section.1.1}
\BOOKMARK [3][-]{subsubsection.1.1.1.1}{End}{subsection.1.1.1}
\BOOKMARK [0][-]{chapter.2}{Some Tables and Figures}{}
\BOOKMARK [0][-]{chapter.3}{Some Math}{}
\BOOKMARK [0][-]{appendix.A}{Testing, 1, 2, 3, \203}{}
\BOOKMARK [0][-]{section*.5}{Bibliography}{}
